Archive member included because of file (symbol)

c:/winavr-20100110/bin/../lib/gcc/avr/4.3.3/avr5\libgcc.a(_mulsi3.o)
                              ./MCAL/MADC/MADC_prg.o (__mulsi3)
c:/winavr-20100110/bin/../lib/gcc/avr/4.3.3/avr5\libgcc.a(_udivmodqi4.o)
                              ./MCAL/MDIO/MDIO_prg.o (__udivmodqi4)
c:/winavr-20100110/bin/../lib/gcc/avr/4.3.3/avr5\libgcc.a(_udivmodsi4.o)
                              ./HAL/HLCD3/LCD_Program.o (__udivmodsi4)
c:/winavr-20100110/bin/../lib/gcc/avr/4.3.3/avr5\libgcc.a(_exit.o)
                              c:/winavr-20100110/bin/../lib/gcc/avr/4.3.3/../../../../avr/lib/avr5/crtm32.o (exit)
c:/winavr-20100110/bin/../lib/gcc/avr/4.3.3/avr5\libgcc.a(_copy_data.o)
                              ./HAL/HKEYPAD/HKEYPAD_prg.o (__do_copy_data)
c:/winavr-20100110/bin/../lib/gcc/avr/4.3.3/avr5\libgcc.a(_clear_bss.o)
                              ./MCAL/MTIMER_0/MTIMER_0_prg.o (__do_clear_bss)
c:/winavr-20100110/bin/../lib/gcc/avr/4.3.3/avr5\libgcc.a(_fixunssfsi.o)
                              ./HAL/HSSD_2/HSSD2_prg.o (__fixunssfsi)
c:/winavr-20100110/bin/../lib/gcc/avr/4.3.3/avr5\libgcc.a(_addsub_sf.o)
                              c:/winavr-20100110/bin/../lib/gcc/avr/4.3.3/avr5\libgcc.a(_fixunssfsi.o) (__subsf3)
c:/winavr-20100110/bin/../lib/gcc/avr/4.3.3/avr5\libgcc.a(_mul_sf.o)
                              ./HAL/HSSD_2/HSSD2_prg.o (__mulsf3)
c:/winavr-20100110/bin/../lib/gcc/avr/4.3.3/avr5\libgcc.a(_gt_sf.o)
                              ./HAL/HSSD_2/HSSD2_prg.o (__gtsf2)
c:/winavr-20100110/bin/../lib/gcc/avr/4.3.3/avr5\libgcc.a(_ge_sf.o)
                              c:/winavr-20100110/bin/../lib/gcc/avr/4.3.3/avr5\libgcc.a(_fixunssfsi.o) (__gesf2)
c:/winavr-20100110/bin/../lib/gcc/avr/4.3.3/avr5\libgcc.a(_lt_sf.o)
                              ./HAL/HSSD_2/HSSD2_prg.o (__ltsf2)
c:/winavr-20100110/bin/../lib/gcc/avr/4.3.3/avr5\libgcc.a(_sf_to_si.o)
                              c:/winavr-20100110/bin/../lib/gcc/avr/4.3.3/avr5\libgcc.a(_fixunssfsi.o) (__fixsfsi)
c:/winavr-20100110/bin/../lib/gcc/avr/4.3.3/avr5\libgcc.a(_thenan_sf.o)
                              c:/winavr-20100110/bin/../lib/gcc/avr/4.3.3/avr5\libgcc.a(_addsub_sf.o) (__thenan_sf)
c:/winavr-20100110/bin/../lib/gcc/avr/4.3.3/avr5\libgcc.a(_prologue.o)
                              c:/winavr-20100110/bin/../lib/gcc/avr/4.3.3/avr5\libgcc.a(_addsub_sf.o) (__prologue_saves__)
c:/winavr-20100110/bin/../lib/gcc/avr/4.3.3/avr5\libgcc.a(_epilogue.o)
                              c:/winavr-20100110/bin/../lib/gcc/avr/4.3.3/avr5\libgcc.a(_addsub_sf.o) (__epilogue_restores__)
c:/winavr-20100110/bin/../lib/gcc/avr/4.3.3/avr5\libgcc.a(_pack_sf.o)
                              c:/winavr-20100110/bin/../lib/gcc/avr/4.3.3/avr5\libgcc.a(_addsub_sf.o) (__pack_f)
c:/winavr-20100110/bin/../lib/gcc/avr/4.3.3/avr5\libgcc.a(_unpack_sf.o)
                              c:/winavr-20100110/bin/../lib/gcc/avr/4.3.3/avr5\libgcc.a(_addsub_sf.o) (__unpack_f)
c:/winavr-20100110/bin/../lib/gcc/avr/4.3.3/avr5\libgcc.a(_fpcmp_parts_sf.o)
                              c:/winavr-20100110/bin/../lib/gcc/avr/4.3.3/avr5\libgcc.a(_gt_sf.o) (__fpcmp_parts_f)

Memory Configuration

Name             Origin             Length             Attributes
text             0x00000000         0x00020000         xr
data             0x00800060         0x0000ffa0         rw !x
eeprom           0x00810000         0x00010000         rw !x
fuse             0x00820000         0x00000400         rw !x
lock             0x00830000         0x00000400         rw !x
signature        0x00840000         0x00000400         rw !x
*default*        0x00000000         0xffffffff

Linker script and memory map

LOAD c:/winavr-20100110/bin/../lib/gcc/avr/4.3.3/../../../../avr/lib/avr5/crtm32.o
LOAD ./MCAL/MTIMER_0/MTIMER_0_prg.o
LOAD ./MCAL/MEXTI/MEXTI_prg.o
LOAD ./MCAL/MDIO/MDIO_prg.o
LOAD ./MCAL/MADC/MADC_prg.o
LOAD ./MCAL/EXTI_2/EXTI_2_prg.o
LOAD ./MCAL/EXTI_1/EXTI_1_prg.o
LOAD ./MCAL/EXTI_0/EXTI_0_prg.o
LOAD ./MCAL/DIO/DIO_Program.o
LOAD ./HAL/HSSD_2/HSSD2_prg.o
LOAD ./HAL/HPB/HPB_prg.o
LOAD ./HAL/HLED/HLED_prg.o
LOAD ./HAL/HLCD3/LCD_Program.o
LOAD ./HAL/HKEYPAD/HKEYPAD_prg.o
LOAD ./HAL/HBUZZ/HBUZZ_prg.o
LOAD ./APP/main.o
LOAD c:/winavr-20100110/bin/../lib/gcc/avr/4.3.3/avr5\libgcc.a
LOAD c:/winavr-20100110/bin/../lib/gcc/avr/4.3.3/../../../../avr/lib/avr5\libc.a
LOAD c:/winavr-20100110/bin/../lib/gcc/avr/4.3.3/avr5\libgcc.a

.hash
 *(.hash)

.dynsym
 *(.dynsym)

.dynstr
 *(.dynstr)

.gnu.version
 *(.gnu.version)

.gnu.version_d
 *(.gnu.version_d)

.gnu.version_r
 *(.gnu.version_r)

.rel.init
 *(.rel.init)

.rela.init
 *(.rela.init)

.rel.text
 *(.rel.text)
 *(.rel.text.*)
 *(.rel.gnu.linkonce.t*)

.rela.text
 *(.rela.text)
 *(.rela.text.*)
 *(.rela.gnu.linkonce.t*)

.rel.fini
 *(.rel.fini)

.rela.fini
 *(.rela.fini)

.rel.rodata
 *(.rel.rodata)
 *(.rel.rodata.*)
 *(.rel.gnu.linkonce.r*)

.rela.rodata
 *(.rela.rodata)
 *(.rela.rodata.*)
 *(.rela.gnu.linkonce.r*)

.rel.data
 *(.rel.data)
 *(.rel.data.*)
 *(.rel.gnu.linkonce.d*)

.rela.data
 *(.rela.data)
 *(.rela.data.*)
 *(.rela.gnu.linkonce.d*)

.rel.ctors
 *(.rel.ctors)

.rela.ctors
 *(.rela.ctors)

.rel.dtors
 *(.rel.dtors)

.rela.dtors
 *(.rela.dtors)

.rel.got
 *(.rel.got)

.rela.got
 *(.rela.got)

.rel.bss
 *(.rel.bss)

.rela.bss
 *(.rela.bss)

.rel.plt
 *(.rel.plt)

.rela.plt
 *(.rela.plt)

.text           0x00000000     0x4592
 *(.vectors)
 .vectors       0x00000000       0x54 c:/winavr-20100110/bin/../lib/gcc/avr/4.3.3/../../../../avr/lib/avr5/crtm32.o
                0x00000000                __vectors
                0x00000000                __vector_default
 *(.vectors)
 *(.progmem.gcc*)
 *(.progmem*)
                0x00000054                . = ALIGN (0x2)
                0x00000054                __trampolines_start = .
 *(.trampolines)
 .trampolines   0x00000054        0x0 linker stubs
 *(.trampolines*)
                0x00000054                __trampolines_end = .
 *(.jumptables)
 *(.jumptables*)
 *(.lowtext)
 *(.lowtext*)
                0x00000054                __ctors_start = .
 *(.ctors)
                0x00000054                __ctors_end = .
                0x00000054                __dtors_start = .
 *(.dtors)
                0x00000054                __dtors_end = .
 SORT(*)(.ctors)
 SORT(*)(.dtors)
 *(.init0)
 .init0         0x00000054        0x0 c:/winavr-20100110/bin/../lib/gcc/avr/4.3.3/../../../../avr/lib/avr5/crtm32.o
                0x00000054                __init
 *(.init0)
 *(.init1)
 *(.init1)
 *(.init2)
 .init2         0x00000054        0xc c:/winavr-20100110/bin/../lib/gcc/avr/4.3.3/../../../../avr/lib/avr5/crtm32.o
 *(.init2)
 *(.init3)
 *(.init3)
 *(.init4)
 .init4         0x00000060       0x16 c:/winavr-20100110/bin/../lib/gcc/avr/4.3.3/avr5\libgcc.a(_copy_data.o)
                0x00000060                __do_copy_data
 .init4         0x00000076       0x10 c:/winavr-20100110/bin/../lib/gcc/avr/4.3.3/avr5\libgcc.a(_clear_bss.o)
                0x00000076                __do_clear_bss
 *(.init4)
 *(.init5)
 *(.init5)
 *(.init6)
 *(.init6)
 *(.init7)
 *(.init7)
 *(.init8)
 *(.init8)
 *(.init9)
 .init9         0x00000086        0x8 c:/winavr-20100110/bin/../lib/gcc/avr/4.3.3/../../../../avr/lib/avr5/crtm32.o
 *(.init9)
 *(.text)
 .text          0x0000008e        0x4 c:/winavr-20100110/bin/../lib/gcc/avr/4.3.3/../../../../avr/lib/avr5/crtm32.o
                0x0000008e                __vector_12
                0x0000008e                __bad_interrupt
                0x0000008e                __vector_6
                0x0000008e                __vector_13
                0x0000008e                __vector_17
                0x0000008e                __vector_19
                0x0000008e                __vector_7
                0x0000008e                __vector_5
                0x0000008e                __vector_4
                0x0000008e                __vector_9
                0x0000008e                __vector_15
                0x0000008e                __vector_8
                0x0000008e                __vector_14
                0x0000008e                __vector_10
                0x0000008e                __vector_18
                0x0000008e                __vector_20
 .text          0x00000092        0x0 ./MCAL/MTIMER_0/MTIMER_0_prg.o
 .text          0x00000092        0x0 ./MCAL/MEXTI/MEXTI_prg.o
 .text          0x00000092        0x0 ./MCAL/MDIO/MDIO_prg.o
 .text          0x00000092        0x0 ./MCAL/MADC/MADC_prg.o
 .text          0x00000092        0x0 ./MCAL/EXTI_2/EXTI_2_prg.o
 .text          0x00000092        0x0 ./MCAL/EXTI_1/EXTI_1_prg.o
 .text          0x00000092        0x0 ./MCAL/EXTI_0/EXTI_0_prg.o
 .text          0x00000092        0x0 ./MCAL/DIO/DIO_Program.o
 .text          0x00000092        0x0 ./HAL/HSSD_2/HSSD2_prg.o
 .text          0x00000092        0x0 ./HAL/HPB/HPB_prg.o
 .text          0x00000092        0x0 ./HAL/HLED/HLED_prg.o
 .text          0x00000092        0x0 ./HAL/HLCD3/LCD_Program.o
 .text          0x00000092        0x0 ./HAL/HKEYPAD/HKEYPAD_prg.o
 .text          0x00000092        0x0 ./HAL/HBUZZ/HBUZZ_prg.o
 .text          0x00000092        0x0 ./APP/main.o
 .text          0x00000092        0x0 c:/winavr-20100110/bin/../lib/gcc/avr/4.3.3/avr5\libgcc.a(_mulsi3.o)
 .text          0x00000092        0x0 c:/winavr-20100110/bin/../lib/gcc/avr/4.3.3/avr5\libgcc.a(_udivmodqi4.o)
 .text          0x00000092        0x0 c:/winavr-20100110/bin/../lib/gcc/avr/4.3.3/avr5\libgcc.a(_udivmodsi4.o)
 .text          0x00000092        0x0 c:/winavr-20100110/bin/../lib/gcc/avr/4.3.3/avr5\libgcc.a(_exit.o)
 .text          0x00000092        0x0 c:/winavr-20100110/bin/../lib/gcc/avr/4.3.3/avr5\libgcc.a(_copy_data.o)
 .text          0x00000092        0x0 c:/winavr-20100110/bin/../lib/gcc/avr/4.3.3/avr5\libgcc.a(_clear_bss.o)
 .text          0x00000092       0x58 c:/winavr-20100110/bin/../lib/gcc/avr/4.3.3/avr5\libgcc.a(_fixunssfsi.o)
                0x00000092                __fixunssfsi
 .text          0x000000ea      0x354 c:/winavr-20100110/bin/../lib/gcc/avr/4.3.3/avr5\libgcc.a(_addsub_sf.o)
                0x00000382                __subsf3
                0x000003e4                __addsf3
 .text          0x0000043e      0x1f4 c:/winavr-20100110/bin/../lib/gcc/avr/4.3.3/avr5\libgcc.a(_mul_sf.o)
                0x0000043e                __mulsf3
 .text          0x00000632       0x60 c:/winavr-20100110/bin/../lib/gcc/avr/4.3.3/avr5\libgcc.a(_gt_sf.o)
                0x00000632                __gtsf2
 .text          0x00000692       0x60 c:/winavr-20100110/bin/../lib/gcc/avr/4.3.3/avr5\libgcc.a(_ge_sf.o)
                0x00000692                __gesf2
 .text          0x000006f2       0x60 c:/winavr-20100110/bin/../lib/gcc/avr/4.3.3/avr5\libgcc.a(_lt_sf.o)
                0x000006f2                __ltsf2
 .text          0x00000752       0xa8 c:/winavr-20100110/bin/../lib/gcc/avr/4.3.3/avr5\libgcc.a(_sf_to_si.o)
                0x00000752                __fixsfsi
 .text          0x000007fa        0x0 c:/winavr-20100110/bin/../lib/gcc/avr/4.3.3/avr5\libgcc.a(_thenan_sf.o)
 .text          0x000007fa        0x0 c:/winavr-20100110/bin/../lib/gcc/avr/4.3.3/avr5\libgcc.a(_prologue.o)
 .text          0x000007fa        0x0 c:/winavr-20100110/bin/../lib/gcc/avr/4.3.3/avr5\libgcc.a(_epilogue.o)
 .text          0x000007fa      0x1aa c:/winavr-20100110/bin/../lib/gcc/avr/4.3.3/avr5\libgcc.a(_pack_sf.o)
                0x000007fa                __pack_f
 .text          0x000009a4       0xf0 c:/winavr-20100110/bin/../lib/gcc/avr/4.3.3/avr5\libgcc.a(_unpack_sf.o)
                0x000009a4                __unpack_f
 .text          0x00000a94       0xb2 c:/winavr-20100110/bin/../lib/gcc/avr/4.3.3/avr5\libgcc.a(_fpcmp_parts_sf.o)
                0x00000a94                __fpcmp_parts_f
                0x00000b46                . = ALIGN (0x2)
 *(.text.*)
 .text.TIMER0_voidInit
                0x00000b46       0x62 ./MCAL/MTIMER_0/MTIMER_0_prg.o
                0x00000b46                TIMER0_voidInit
 .text.TIMER0_voidPreLoad
                0x00000ba8       0x20 ./MCAL/MTIMER_0/MTIMER_0_prg.o
                0x00000ba8                TIMER0_voidPreLoad
 .text.TIMER0_u8SetCallBack
                0x00000bc8       0x2c ./MCAL/MTIMER_0/MTIMER_0_prg.o
                0x00000bc8                TIMER0_u8SetCallBack
 .text.__vector_11
                0x00000bf4       0x66 ./MCAL/MTIMER_0/MTIMER_0_prg.o
                0x00000bf4                __vector_11
 .text.EXTI_voidInit
                0x00000c5a       0x2a ./MCAL/MEXTI/MEXTI_prg.o
                0x00000c5a                EXTI_voidInit
 .text.GIE_voidEnable
                0x00000c84       0x1c ./MCAL/MEXTI/MEXTI_prg.o
                0x00000c84                GIE_voidEnable
 .text.GIE_voidDisable
                0x00000ca0       0x1c ./MCAL/MEXTI/MEXTI_prg.o
                0x00000ca0                GIE_voidDisable
 .text.EXTI_voidSetSignalLatch
                0x00000cbc      0x208 ./MCAL/MEXTI/MEXTI_prg.o
                0x00000cbc                EXTI_voidSetSignalLatch
 .text.MEXTI_voidDsiableInterrupt
                0x00000ec4       0xdc ./MCAL/MEXTI/MEXTI_prg.o
                0x00000ec4                MEXTI_voidDsiableInterrupt
 .text.MEXTI_voidEnableInterrupt
                0x00000fa0       0xd6 ./MCAL/MEXTI/MEXTI_prg.o
                0x00000fa0                MEXTI_voidEnableInterrupt
 .text.EXTI_voidClearFlag
                0x00001076       0x3a ./MCAL/MEXTI/MEXTI_prg.o
                0x00001076                EXTI_voidClearFlag
 .text.EXTI_voidGetFlag
                0x000010b0       0x1c ./MCAL/MEXTI/MEXTI_prg.o
                0x000010b0                EXTI_voidGetFlag
 .text.EXTI_voidSetCallBack
                0x000010cc       0x3e ./MCAL/MEXTI/MEXTI_prg.o
                0x000010cc                EXTI_voidSetCallBack
 .text.__vector_1
                0x0000110a       0x6c ./MCAL/MEXTI/MEXTI_prg.o
                0x0000110a                __vector_1
 .text.__vector_2
                0x00001176       0x6c ./MCAL/MEXTI/MEXTI_prg.o
                0x00001176                __vector_2
 .text.__vector_3
                0x000011e2       0x6c ./MCAL/MEXTI/MEXTI_prg.o
                0x000011e2                __vector_3
 .text.MDIO_voidsetPinDirection
                0x0000124e      0x248 ./MCAL/MDIO/MDIO_prg.o
                0x0000124e                MDIO_voidsetPinDirection
 .text.MDIO_voidsetPinValue
                0x00001496      0x248 ./MCAL/MDIO/MDIO_prg.o
                0x00001496                MDIO_voidsetPinValue
 .text.MDIO_voidsetPortValue
                0x000016de       0x84 ./MCAL/MDIO/MDIO_prg.o
                0x000016de                MDIO_voidsetPortValue
 .text.MDIO_voidsetPortDirection
                0x00001762       0x84 ./MCAL/MDIO/MDIO_prg.o
                0x00001762                MDIO_voidsetPortDirection
 .text.MDIO_voidgetPinValue
                0x000017e6      0x126 ./MCAL/MDIO/MDIO_prg.o
                0x000017e6                MDIO_voidgetPinValue
 .text.MDIO_voidTogglePinValue
                0x0000190c      0x118 ./MCAL/MDIO/MDIO_prg.o
                0x0000190c                MDIO_voidTogglePinValue
 .text.MDIO_voidgetPortValue
                0x00001a24       0x9a ./MCAL/MDIO/MDIO_prg.o
                0x00001a24                MDIO_voidgetPortValue
 .text.ADC_Init
                0x00001abe       0x62 ./MCAL/MADC/MADC_prg.o
                0x00001abe                ADC_Init
 .text.ADC_Enable
                0x00001b20       0x1c ./MCAL/MADC/MADC_prg.o
                0x00001b20                ADC_Enable
 .text.ADC_Disable
                0x00001b3c       0x1c ./MCAL/MADC/MADC_prg.o
                0x00001b3c                ADC_Disable
 .text.ADC_Start
                0x00001b58       0x56 ./MCAL/MADC/MADC_prg.o
                0x00001b58                ADC_Start
 .text.ADC_Result
                0x00001bae       0x16 ./MCAL/MADC/MADC_prg.o
                0x00001bae                ADC_Result
 .text.Analog_Value
                0x00001bc4       0x56 ./MCAL/MADC/MADC_prg.o
                0x00001bc4                Analog_Value
 .text.ADC_Start_Interrupt
                0x00001c1a       0x52 ./MCAL/MADC/MADC_prg.o
                0x00001c1a                ADC_Start_Interrupt
 .text.set_call_back
                0x00001c6c       0x2c ./MCAL/MADC/MADC_prg.o
                0x00001c6c                set_call_back
 .text.__vector_16
                0x00001c98       0x66 ./MCAL/MADC/MADC_prg.o
                0x00001c98                __vector_16
 .text.DIO_voidSetPortDirection
                0x00001cfe       0x82 ./MCAL/DIO/DIO_Program.o
                0x00001cfe                DIO_voidSetPortDirection
 .text.DIO_voidSetPortValue
                0x00001d80       0x82 ./MCAL/DIO/DIO_Program.o
                0x00001d80                DIO_voidSetPortValue
 .text.DIO_voidSetPinDirection
                0x00001e02      0x208 ./MCAL/DIO/DIO_Program.o
                0x00001e02                DIO_voidSetPinDirection
 .text.DIO_voidSetPinValue
                0x0000200a      0x208 ./MCAL/DIO/DIO_Program.o
                0x0000200a                DIO_voidSetPinValue
 .text.DIO_voidGetBitValue
                0x00002212       0xf2 ./MCAL/DIO/DIO_Program.o
                0x00002212                DIO_voidGetBitValue
 .text.DIO_voidToggelPin
                0x00002304       0xfa ./MCAL/DIO/DIO_Program.o
                0x00002304                DIO_voidToggelPin
 .text.HSSD2_enInit
                0x000023fe       0x60 ./HAL/HSSD_2/HSSD2_prg.o
                0x000023fe                HSSD2_enInit
 .text.HSSD2_enDisplayIntegerNumber
                0x0000245e      0x652 ./HAL/HSSD_2/HSSD2_prg.o
                0x0000245e                HSSD2_enDisplayIntegerNumber
 .text.HPB_enInit
                0x00002ab0       0x52 ./HAL/HPB/HPB_prg.o
                0x00002ab0                HPB_enInit
 .text.HPB_enRead
                0x00002b02      0x182 ./HAL/HPB/HPB_prg.o
                0x00002b02                HPB_enRead
 .text.HPB_enRead2
                0x00002c84      0x160 ./HAL/HPB/HPB_prg.o
                0x00002c84                HPB_enRead2
 .text.HLED_enInit
                0x00002de4       0x8c ./HAL/HLED/HLED_prg.o
                0x00002de4                HLED_enInit
 .text.HLED_enSetON
                0x00002e70       0x8c ./HAL/HLED/HLED_prg.o
                0x00002e70                HLED_enSetON
 .text.HLED_enSetOFF
                0x00002efc       0x8c ./HAL/HLED/HLED_prg.o
                0x00002efc                HLED_enSetOFF
 .text.HLED_enToggle
                0x00002f88       0x84 ./HAL/HLED/HLED_prg.o
                0x00002f88                HLED_enToggle
 .text.LCD_voidInit
                0x0000300c      0x40a ./HAL/HLCD3/LCD_Program.o
                0x0000300c                LCD_voidInit
 .text.LCD_voidWriteBitsToSend
                0x00003416      0x48c ./HAL/HLCD3/LCD_Program.o
                0x00003416                LCD_voidWriteBitsToSend
 .text.LCD_voidWriteData
                0x000038a2       0x24 ./HAL/HLCD3/LCD_Program.o
                0x000038a2                LCD_voidWriteData
 .text.LCD_voidWriteCommand
                0x000038c6       0x24 ./HAL/HLCD3/LCD_Program.o
                0x000038c6                LCD_voidWriteCommand
 .text.LCD_voidWriteString
                0x000038ea       0x6c ./HAL/HLCD3/LCD_Program.o
                0x000038ea                LCD_voidWriteString
 .text.LCD_voidGoToXY
                0x00003956       0x58 ./HAL/HLCD3/LCD_Program.o
                0x00003956                LCD_voidGoToXY
 .text.LCD_voidClear
                0x000039ae       0x14 ./HAL/HLCD3/LCD_Program.o
                0x000039ae                LCD_voidClear
 .text.LCD_voidWriteNumber
                0x000039c2       0xde ./HAL/HLCD3/LCD_Program.o
                0x000039c2                LCD_voidWriteNumber
 .text.HKEYPAD_enInit
                0x00003aa0       0x70 ./HAL/HKEYPAD/HKEYPAD_prg.o
                0x00003aa0                HKEYPAD_enInit
 .text.HKEYPAD_enGetPressedKey
                0x00003b10      0x274 ./HAL/HKEYPAD/HKEYPAD_prg.o
                0x00003b10                HKEYPAD_enGetPressedKey
 .text.HKEYPAD_enGetPressedKey2
                0x00003d84      0x268 ./HAL/HKEYPAD/HKEYPAD_prg.o
                0x00003d84                HKEYPAD_enGetPressedKey2
 .text.HKEYPAD_voidcheckPassword
                0x00003fec      0x1ba ./HAL/HKEYPAD/HKEYPAD_prg.o
                0x00003fec                HKEYPAD_voidcheckPassword
 .text.HKEYPAD_voidcheckPassword2
                0x000041a6      0x10e ./HAL/HKEYPAD/HKEYPAD_prg.o
                0x000041a6                HKEYPAD_voidcheckPassword2
 .text.HBUZZ_Init
                0x000042b4       0x20 ./HAL/HBUZZ/HBUZZ_prg.o
                0x000042b4                HBUZZ_Init
 .text.HBUZZ_SetON
                0x000042d4       0x20 ./HAL/HBUZZ/HBUZZ_prg.o
                0x000042d4                HBUZZ_SetON
 .text.HBUZZ_SetOFF
                0x000042f4       0x20 ./HAL/HBUZZ/HBUZZ_prg.o
                0x000042f4                HBUZZ_SetOFF
 .text.HBUZZ_Once
                0x00004314      0x120 ./HAL/HBUZZ/HBUZZ_prg.o
                0x00004314                HBUZZ_Once
 .text.LED      0x00004434       0x32 ./APP/main.o
                0x00004434                LED
 .text.main     0x00004466       0x20 ./APP/main.o
                0x00004466                main
 .text.libgcc   0x00004486       0x3e c:/winavr-20100110/bin/../lib/gcc/avr/4.3.3/avr5\libgcc.a(_mulsi3.o)
                0x00004486                __mulsi3
 .text.libgcc   0x000044c4       0x18 c:/winavr-20100110/bin/../lib/gcc/avr/4.3.3/avr5\libgcc.a(_udivmodqi4.o)
                0x000044c4                __udivmodqi4
 .text.libgcc   0x000044dc       0x44 c:/winavr-20100110/bin/../lib/gcc/avr/4.3.3/avr5\libgcc.a(_udivmodsi4.o)
                0x000044dc                __udivmodsi4
 .text.libgcc   0x00004520        0x0 c:/winavr-20100110/bin/../lib/gcc/avr/4.3.3/avr5\libgcc.a(_exit.o)
 .text.libgcc   0x00004520        0x0 c:/winavr-20100110/bin/../lib/gcc/avr/4.3.3/avr5\libgcc.a(_copy_data.o)
 .text.libgcc   0x00004520        0x0 c:/winavr-20100110/bin/../lib/gcc/avr/4.3.3/avr5\libgcc.a(_clear_bss.o)
 .text.libgcc   0x00004520       0x38 c:/winavr-20100110/bin/../lib/gcc/avr/4.3.3/avr5\libgcc.a(_prologue.o)
                0x00004520                __prologue_saves__
 .text.libgcc   0x00004558       0x36 c:/winavr-20100110/bin/../lib/gcc/avr/4.3.3/avr5\libgcc.a(_epilogue.o)
                0x00004558                __epilogue_restores__
                0x0000458e                . = ALIGN (0x2)
 *(.fini9)
 .fini9         0x0000458e        0x0 c:/winavr-20100110/bin/../lib/gcc/avr/4.3.3/avr5\libgcc.a(_exit.o)
                0x0000458e                exit
                0x0000458e                _exit
 *(.fini9)
 *(.fini8)
 *(.fini8)
 *(.fini7)
 *(.fini7)
 *(.fini6)
 *(.fini6)
 *(.fini5)
 *(.fini5)
 *(.fini4)
 *(.fini4)
 *(.fini3)
 *(.fini3)
 *(.fini2)
 *(.fini2)
 *(.fini1)
 *(.fini1)
 *(.fini0)
 .fini0         0x0000458e        0x4 c:/winavr-20100110/bin/../lib/gcc/avr/4.3.3/avr5\libgcc.a(_exit.o)
 *(.fini0)
                0x00004592                _etext = .

.data           0x00800060       0x40 load address 0x00004592
                0x00800060                PROVIDE (__data_start, .)
 *(.data)
 .data          0x00800060        0x0 c:/winavr-20100110/bin/../lib/gcc/avr/4.3.3/../../../../avr/lib/avr5/crtm32.o
 .data          0x00800060        0x0 ./MCAL/MTIMER_0/MTIMER_0_prg.o
 .data          0x00800060        0x0 ./MCAL/MEXTI/MEXTI_prg.o
 .data          0x00800060        0x0 ./MCAL/MDIO/MDIO_prg.o
 .data          0x00800060        0x0 ./MCAL/MADC/MADC_prg.o
 .data          0x00800060        0x0 ./MCAL/EXTI_2/EXTI_2_prg.o
 .data          0x00800060        0x0 ./MCAL/EXTI_1/EXTI_1_prg.o
 .data          0x00800060        0x0 ./MCAL/EXTI_0/EXTI_0_prg.o
 .data          0x00800060        0x0 ./MCAL/DIO/DIO_Program.o
 .data          0x00800060        0x0 ./HAL/HSSD_2/HSSD2_prg.o
 .data          0x00800060        0x0 ./HAL/HPB/HPB_prg.o
 .data          0x00800060        0x0 ./HAL/HLED/HLED_prg.o
 .data          0x00800060        0x0 ./HAL/HLCD3/LCD_Program.o
 .data          0x00800060       0x18 ./HAL/HKEYPAD/HKEYPAD_prg.o
 .data          0x00800078        0x0 ./HAL/HBUZZ/HBUZZ_prg.o
 .data          0x00800078        0x0 ./APP/main.o
 .data          0x00800078        0x0 c:/winavr-20100110/bin/../lib/gcc/avr/4.3.3/avr5\libgcc.a(_mulsi3.o)
 .data          0x00800078        0x0 c:/winavr-20100110/bin/../lib/gcc/avr/4.3.3/avr5\libgcc.a(_udivmodqi4.o)
 .data          0x00800078        0x0 c:/winavr-20100110/bin/../lib/gcc/avr/4.3.3/avr5\libgcc.a(_udivmodsi4.o)
 .data          0x00800078        0x0 c:/winavr-20100110/bin/../lib/gcc/avr/4.3.3/avr5\libgcc.a(_exit.o)
 .data          0x00800078        0x0 c:/winavr-20100110/bin/../lib/gcc/avr/4.3.3/avr5\libgcc.a(_copy_data.o)
 .data          0x00800078        0x0 c:/winavr-20100110/bin/../lib/gcc/avr/4.3.3/avr5\libgcc.a(_clear_bss.o)
 .data          0x00800078        0x0 c:/winavr-20100110/bin/../lib/gcc/avr/4.3.3/avr5\libgcc.a(_fixunssfsi.o)
 .data          0x00800078        0x0 c:/winavr-20100110/bin/../lib/gcc/avr/4.3.3/avr5\libgcc.a(_addsub_sf.o)
 .data          0x00800078        0x0 c:/winavr-20100110/bin/../lib/gcc/avr/4.3.3/avr5\libgcc.a(_mul_sf.o)
 .data          0x00800078        0x0 c:/winavr-20100110/bin/../lib/gcc/avr/4.3.3/avr5\libgcc.a(_gt_sf.o)
 .data          0x00800078        0x0 c:/winavr-20100110/bin/../lib/gcc/avr/4.3.3/avr5\libgcc.a(_ge_sf.o)
 .data          0x00800078        0x0 c:/winavr-20100110/bin/../lib/gcc/avr/4.3.3/avr5\libgcc.a(_lt_sf.o)
 .data          0x00800078        0x0 c:/winavr-20100110/bin/../lib/gcc/avr/4.3.3/avr5\libgcc.a(_sf_to_si.o)
 .data          0x00800078        0x8 c:/winavr-20100110/bin/../lib/gcc/avr/4.3.3/avr5\libgcc.a(_thenan_sf.o)
                0x00800078                __thenan_sf
 .data          0x00800080        0x0 c:/winavr-20100110/bin/../lib/gcc/avr/4.3.3/avr5\libgcc.a(_prologue.o)
 .data          0x00800080        0x0 c:/winavr-20100110/bin/../lib/gcc/avr/4.3.3/avr5\libgcc.a(_epilogue.o)
 .data          0x00800080        0x0 c:/winavr-20100110/bin/../lib/gcc/avr/4.3.3/avr5\libgcc.a(_pack_sf.o)
 .data          0x00800080        0x0 c:/winavr-20100110/bin/../lib/gcc/avr/4.3.3/avr5\libgcc.a(_unpack_sf.o)
 .data          0x00800080        0x0 c:/winavr-20100110/bin/../lib/gcc/avr/4.3.3/avr5\libgcc.a(_fpcmp_parts_sf.o)
 *(.data*)
 *(.rodata)
 *(.rodata*)
 .rodata.C.0.1403
                0x00800080       0x10 ./HAL/HKEYPAD/HKEYPAD_prg.o
 .rodata.C.4.1459
                0x00800090       0x10 ./HAL/HKEYPAD/HKEYPAD_prg.o
 *(.gnu.linkonce.d*)
                0x008000a0                . = ALIGN (0x2)
                0x008000a0                _edata = .
                0x008000a0                PROVIDE (__data_end, .)

.bss            0x008000a0        0xb
                0x008000a0                PROVIDE (__bss_start, .)
 *(.bss)
 .bss           0x008000a0        0x0 c:/winavr-20100110/bin/../lib/gcc/avr/4.3.3/../../../../avr/lib/avr5/crtm32.o
 .bss           0x008000a0        0x0 ./MCAL/MTIMER_0/MTIMER_0_prg.o
 .bss           0x008000a0        0x0 ./MCAL/MEXTI/MEXTI_prg.o
 .bss           0x008000a0        0x0 ./MCAL/MDIO/MDIO_prg.o
 .bss           0x008000a0        0x0 ./MCAL/MADC/MADC_prg.o
 .bss           0x008000a0        0x0 ./MCAL/EXTI_2/EXTI_2_prg.o
 .bss           0x008000a0        0x0 ./MCAL/EXTI_1/EXTI_1_prg.o
 .bss           0x008000a0        0x0 ./MCAL/EXTI_0/EXTI_0_prg.o
 .bss           0x008000a0        0x0 ./MCAL/DIO/DIO_Program.o
 .bss           0x008000a0        0x0 ./HAL/HSSD_2/HSSD2_prg.o
 .bss           0x008000a0        0x0 ./HAL/HPB/HPB_prg.o
 .bss           0x008000a0        0x0 ./HAL/HLED/HLED_prg.o
 .bss           0x008000a0        0x0 ./HAL/HLCD3/LCD_Program.o
 .bss           0x008000a0        0x0 ./HAL/HKEYPAD/HKEYPAD_prg.o
 .bss           0x008000a0        0x0 ./HAL/HBUZZ/HBUZZ_prg.o
 .bss           0x008000a0        0x0 ./APP/main.o
 .bss           0x008000a0        0x0 c:/winavr-20100110/bin/../lib/gcc/avr/4.3.3/avr5\libgcc.a(_mulsi3.o)
 .bss           0x008000a0        0x0 c:/winavr-20100110/bin/../lib/gcc/avr/4.3.3/avr5\libgcc.a(_udivmodqi4.o)
 .bss           0x008000a0        0x0 c:/winavr-20100110/bin/../lib/gcc/avr/4.3.3/avr5\libgcc.a(_udivmodsi4.o)
 .bss           0x008000a0        0x0 c:/winavr-20100110/bin/../lib/gcc/avr/4.3.3/avr5\libgcc.a(_exit.o)
 .bss           0x008000a0        0x0 c:/winavr-20100110/bin/../lib/gcc/avr/4.3.3/avr5\libgcc.a(_copy_data.o)
 .bss           0x008000a0        0x0 c:/winavr-20100110/bin/../lib/gcc/avr/4.3.3/avr5\libgcc.a(_clear_bss.o)
 .bss           0x008000a0        0x0 c:/winavr-20100110/bin/../lib/gcc/avr/4.3.3/avr5\libgcc.a(_fixunssfsi.o)
 .bss           0x008000a0        0x0 c:/winavr-20100110/bin/../lib/gcc/avr/4.3.3/avr5\libgcc.a(_addsub_sf.o)
 .bss           0x008000a0        0x0 c:/winavr-20100110/bin/../lib/gcc/avr/4.3.3/avr5\libgcc.a(_mul_sf.o)
 .bss           0x008000a0        0x0 c:/winavr-20100110/bin/../lib/gcc/avr/4.3.3/avr5\libgcc.a(_gt_sf.o)
 .bss           0x008000a0        0x0 c:/winavr-20100110/bin/../lib/gcc/avr/4.3.3/avr5\libgcc.a(_ge_sf.o)
 .bss           0x008000a0        0x0 c:/winavr-20100110/bin/../lib/gcc/avr/4.3.3/avr5\libgcc.a(_lt_sf.o)
 .bss           0x008000a0        0x0 c:/winavr-20100110/bin/../lib/gcc/avr/4.3.3/avr5\libgcc.a(_sf_to_si.o)
 .bss           0x008000a0        0x0 c:/winavr-20100110/bin/../lib/gcc/avr/4.3.3/avr5\libgcc.a(_thenan_sf.o)
 .bss           0x008000a0        0x0 c:/winavr-20100110/bin/../lib/gcc/avr/4.3.3/avr5\libgcc.a(_prologue.o)
 .bss           0x008000a0        0x0 c:/winavr-20100110/bin/../lib/gcc/avr/4.3.3/avr5\libgcc.a(_epilogue.o)
 .bss           0x008000a0        0x0 c:/winavr-20100110/bin/../lib/gcc/avr/4.3.3/avr5\libgcc.a(_pack_sf.o)
 .bss           0x008000a0        0x0 c:/winavr-20100110/bin/../lib/gcc/avr/4.3.3/avr5\libgcc.a(_unpack_sf.o)
 .bss           0x008000a0        0x0 c:/winavr-20100110/bin/../lib/gcc/avr/4.3.3/avr5\libgcc.a(_fpcmp_parts_sf.o)
 *(.bss*)
 .bss.TIMER0_pvCallBackFunc
                0x008000a0        0x2 ./MCAL/MTIMER_0/MTIMER_0_prg.o
 .bss.EXTI_CallBack
                0x008000a2        0x6 ./MCAL/MEXTI/MEXTI_prg.o
 .bss.ptr       0x008000a8        0x2 ./MCAL/MADC/MADC_prg.o
 .bss.Local_u8Counter.1468
                0x008000aa        0x1 ./APP/main.o
 *(COMMON)
                0x008000ab                PROVIDE (__bss_end, .)
                0x00004592                __data_load_start = LOADADDR (.data)
                0x000045d2                __data_load_end = (__data_load_start + SIZEOF (.data))

.noinit         0x008000ab        0x0
                0x008000ab                PROVIDE (__noinit_start, .)
 *(.noinit*)
                0x008000ab                PROVIDE (__noinit_end, .)
                0x008000ab                _end = .
                0x008000ab                PROVIDE (__heap_start, .)

.eeprom         0x00810000        0x0
 *(.eeprom*)
                0x00810000                __eeprom_end = .

.fuse
 *(.fuse)
 *(.lfuse)
 *(.hfuse)
 *(.efuse)

.lock
 *(.lock*)

.signature
 *(.signature*)

.stab           0x00000000     0x47dc
 *(.stab)
 .stab          0x00000000      0x2ac ./MCAL/MTIMER_0/MTIMER_0_prg.o
 .stab          0x000002ac      0x798 ./MCAL/MEXTI/MEXTI_prg.o
                                0x828 (size before relaxing)
 .stab          0x00000a44      0x678 ./MCAL/MDIO/MDIO_prg.o
                                0x708 (size before relaxing)
 .stab          0x000010bc      0x3f0 ./MCAL/MADC/MADC_prg.o
                                0x6a8 (size before relaxing)
 .stab          0x000014ac       0xd8 ./MCAL/EXTI_2/EXTI_2_prg.o
                                 0xe4 (size before relaxing)
 .stab          0x00001584       0xd8 ./MCAL/EXTI_1/EXTI_1_prg.o
                                 0xe4 (size before relaxing)
 .stab          0x0000165c       0xd8 ./MCAL/EXTI_0/EXTI_0_prg.o
                                 0xe4 (size before relaxing)
 .stab          0x00001734      0x4bc ./MCAL/DIO/DIO_Program.o
                                0x54c (size before relaxing)
 .stab          0x00001bf0      0x84c ./HAL/HSSD_2/HSSD2_prg.o
                                0xb04 (size before relaxing)
 .stab          0x0000243c      0x558 ./HAL/HPB/HPB_prg.o
                                0x810 (size before relaxing)
 .stab          0x00002994      0x3cc ./HAL/HLED/HLED_prg.o
                                0x4ec (size before relaxing)
 .stab          0x00002d60      0xac8 ./HAL/HLCD3/LCD_Program.o
                                0xcf0 (size before relaxing)
 .stab          0x00003828      0x9b4 ./HAL/HKEYPAD/HKEYPAD_prg.o
                                0xc6c (size before relaxing)
 .stab          0x000041dc      0x39c ./HAL/HBUZZ/HBUZZ_prg.o
                                0x654 (size before relaxing)
 .stab          0x00004578      0x264 ./APP/main.o
                                0x510 (size before relaxing)

.stabstr        0x00000000     0x1cc7
 *(.stabstr)
 .stabstr       0x00000000     0x1cc7 ./MCAL/MTIMER_0/MTIMER_0_prg.o

.stab.excl
 *(.stab.excl)

.stab.exclstr
 *(.stab.exclstr)

.stab.index
 *(.stab.index)

.stab.indexstr
 *(.stab.indexstr)

.comment
 *(.comment)

.debug
 *(.debug)

.line
 *(.line)

.debug_srcinfo
 *(.debug_srcinfo)

.debug_sfnames
 *(.debug_sfnames)

.debug_aranges  0x00000000      0x140
 *(.debug_aranges)
 .debug_aranges
                0x00000000       0x20 c:/winavr-20100110/bin/../lib/gcc/avr/4.3.3/avr5\libgcc.a(_fixunssfsi.o)
 .debug_aranges
                0x00000020       0x20 c:/winavr-20100110/bin/../lib/gcc/avr/4.3.3/avr5\libgcc.a(_addsub_sf.o)
 .debug_aranges
                0x00000040       0x20 c:/winavr-20100110/bin/../lib/gcc/avr/4.3.3/avr5\libgcc.a(_mul_sf.o)
 .debug_aranges
                0x00000060       0x20 c:/winavr-20100110/bin/../lib/gcc/avr/4.3.3/avr5\libgcc.a(_gt_sf.o)
 .debug_aranges
                0x00000080       0x20 c:/winavr-20100110/bin/../lib/gcc/avr/4.3.3/avr5\libgcc.a(_ge_sf.o)
 .debug_aranges
                0x000000a0       0x20 c:/winavr-20100110/bin/../lib/gcc/avr/4.3.3/avr5\libgcc.a(_lt_sf.o)
 .debug_aranges
                0x000000c0       0x20 c:/winavr-20100110/bin/../lib/gcc/avr/4.3.3/avr5\libgcc.a(_sf_to_si.o)
 .debug_aranges
                0x000000e0       0x20 c:/winavr-20100110/bin/../lib/gcc/avr/4.3.3/avr5\libgcc.a(_pack_sf.o)
 .debug_aranges
                0x00000100       0x20 c:/winavr-20100110/bin/../lib/gcc/avr/4.3.3/avr5\libgcc.a(_unpack_sf.o)
 .debug_aranges
                0x00000120       0x20 c:/winavr-20100110/bin/../lib/gcc/avr/4.3.3/avr5\libgcc.a(_fpcmp_parts_sf.o)

.debug_pubnames
                0x00000000      0x170
 *(.debug_pubnames)
 .debug_pubnames
                0x00000000       0x23 c:/winavr-20100110/bin/../lib/gcc/avr/4.3.3/avr5\libgcc.a(_fixunssfsi.o)
 .debug_pubnames
                0x00000023       0x2c c:/winavr-20100110/bin/../lib/gcc/avr/4.3.3/avr5\libgcc.a(_addsub_sf.o)
 .debug_pubnames
                0x0000004f       0x1f c:/winavr-20100110/bin/../lib/gcc/avr/4.3.3/avr5\libgcc.a(_mul_sf.o)
 .debug_pubnames
                0x0000006e       0x1e c:/winavr-20100110/bin/../lib/gcc/avr/4.3.3/avr5\libgcc.a(_gt_sf.o)
 .debug_pubnames
                0x0000008c       0x1e c:/winavr-20100110/bin/../lib/gcc/avr/4.3.3/avr5\libgcc.a(_ge_sf.o)
 .debug_pubnames
                0x000000aa       0x1e c:/winavr-20100110/bin/../lib/gcc/avr/4.3.3/avr5\libgcc.a(_lt_sf.o)
 .debug_pubnames
                0x000000c8       0x20 c:/winavr-20100110/bin/../lib/gcc/avr/4.3.3/avr5\libgcc.a(_sf_to_si.o)
 .debug_pubnames
                0x000000e8       0x22 c:/winavr-20100110/bin/../lib/gcc/avr/4.3.3/avr5\libgcc.a(_thenan_sf.o)
 .debug_pubnames
                0x0000010a       0x1f c:/winavr-20100110/bin/../lib/gcc/avr/4.3.3/avr5\libgcc.a(_pack_sf.o)
 .debug_pubnames
                0x00000129       0x21 c:/winavr-20100110/bin/../lib/gcc/avr/4.3.3/avr5\libgcc.a(_unpack_sf.o)
 .debug_pubnames
                0x0000014a       0x26 c:/winavr-20100110/bin/../lib/gcc/avr/4.3.3/avr5\libgcc.a(_fpcmp_parts_sf.o)

.debug_info     0x00000000     0x1c49
 *(.debug_info)
 .debug_info    0x00000000       0xb1 c:/winavr-20100110/bin/../lib/gcc/avr/4.3.3/avr5\libgcc.a(_fixunssfsi.o)
 .debug_info    0x000000b1      0x47a c:/winavr-20100110/bin/../lib/gcc/avr/4.3.3/avr5\libgcc.a(_addsub_sf.o)
 .debug_info    0x0000052b      0x485 c:/winavr-20100110/bin/../lib/gcc/avr/4.3.3/avr5\libgcc.a(_mul_sf.o)
 .debug_info    0x000009b0      0x27f c:/winavr-20100110/bin/../lib/gcc/avr/4.3.3/avr5\libgcc.a(_gt_sf.o)
 .debug_info    0x00000c2f      0x27f c:/winavr-20100110/bin/../lib/gcc/avr/4.3.3/avr5\libgcc.a(_ge_sf.o)
 .debug_info    0x00000eae      0x27f c:/winavr-20100110/bin/../lib/gcc/avr/4.3.3/avr5\libgcc.a(_lt_sf.o)
 .debug_info    0x0000112d      0x2b0 c:/winavr-20100110/bin/../lib/gcc/avr/4.3.3/avr5\libgcc.a(_sf_to_si.o)
 .debug_info    0x000013dd      0x12c c:/winavr-20100110/bin/../lib/gcc/avr/4.3.3/avr5\libgcc.a(_thenan_sf.o)
 .debug_info    0x00001509      0x2df c:/winavr-20100110/bin/../lib/gcc/avr/4.3.3/avr5\libgcc.a(_pack_sf.o)
 .debug_info    0x000017e8      0x251 c:/winavr-20100110/bin/../lib/gcc/avr/4.3.3/avr5\libgcc.a(_unpack_sf.o)
 .debug_info    0x00001a39      0x210 c:/winavr-20100110/bin/../lib/gcc/avr/4.3.3/avr5\libgcc.a(_fpcmp_parts_sf.o)
 *(.gnu.linkonce.wi.*)

.debug_abbrev   0x00000000      0xeeb
 *(.debug_abbrev)
 .debug_abbrev  0x00000000       0x5d c:/winavr-20100110/bin/../lib/gcc/avr/4.3.3/avr5\libgcc.a(_fixunssfsi.o)
 .debug_abbrev  0x0000005d      0x1ea c:/winavr-20100110/bin/../lib/gcc/avr/4.3.3/avr5\libgcc.a(_addsub_sf.o)
 .debug_abbrev  0x00000247      0x21b c:/winavr-20100110/bin/../lib/gcc/avr/4.3.3/avr5\libgcc.a(_mul_sf.o)
 .debug_abbrev  0x00000462      0x15a c:/winavr-20100110/bin/../lib/gcc/avr/4.3.3/avr5\libgcc.a(_gt_sf.o)
 .debug_abbrev  0x000005bc      0x15a c:/winavr-20100110/bin/../lib/gcc/avr/4.3.3/avr5\libgcc.a(_ge_sf.o)
 .debug_abbrev  0x00000716      0x15a c:/winavr-20100110/bin/../lib/gcc/avr/4.3.3/avr5\libgcc.a(_lt_sf.o)
 .debug_abbrev  0x00000870      0x17f c:/winavr-20100110/bin/../lib/gcc/avr/4.3.3/avr5\libgcc.a(_sf_to_si.o)
 .debug_abbrev  0x000009ef       0xad c:/winavr-20100110/bin/../lib/gcc/avr/4.3.3/avr5\libgcc.a(_thenan_sf.o)
 .debug_abbrev  0x00000a9c      0x1c0 c:/winavr-20100110/bin/../lib/gcc/avr/4.3.3/avr5\libgcc.a(_pack_sf.o)
 .debug_abbrev  0x00000c5c      0x154 c:/winavr-20100110/bin/../lib/gcc/avr/4.3.3/avr5\libgcc.a(_unpack_sf.o)
 .debug_abbrev  0x00000db0      0x13b c:/winavr-20100110/bin/../lib/gcc/avr/4.3.3/avr5\libgcc.a(_fpcmp_parts_sf.o)

.debug_line     0x00000000      0xdad
 *(.debug_line)
 .debug_line    0x00000000       0xa7 c:/winavr-20100110/bin/../lib/gcc/avr/4.3.3/avr5\libgcc.a(_fixunssfsi.o)
 .debug_line    0x000000a7      0x2af c:/winavr-20100110/bin/../lib/gcc/avr/4.3.3/avr5\libgcc.a(_addsub_sf.o)
 .debug_line    0x00000356      0x239 c:/winavr-20100110/bin/../lib/gcc/avr/4.3.3/avr5\libgcc.a(_mul_sf.o)
 .debug_line    0x0000058f       0xd3 c:/winavr-20100110/bin/../lib/gcc/avr/4.3.3/avr5\libgcc.a(_gt_sf.o)
 .debug_line    0x00000662       0xd3 c:/winavr-20100110/bin/../lib/gcc/avr/4.3.3/avr5\libgcc.a(_ge_sf.o)
 .debug_line    0x00000735       0xd3 c:/winavr-20100110/bin/../lib/gcc/avr/4.3.3/avr5\libgcc.a(_lt_sf.o)
 .debug_line    0x00000808      0x109 c:/winavr-20100110/bin/../lib/gcc/avr/4.3.3/avr5\libgcc.a(_sf_to_si.o)
 .debug_line    0x00000911       0x90 c:/winavr-20100110/bin/../lib/gcc/avr/4.3.3/avr5\libgcc.a(_thenan_sf.o)
 .debug_line    0x000009a1      0x18a c:/winavr-20100110/bin/../lib/gcc/avr/4.3.3/avr5\libgcc.a(_pack_sf.o)
 .debug_line    0x00000b2b      0x14b c:/winavr-20100110/bin/../lib/gcc/avr/4.3.3/avr5\libgcc.a(_unpack_sf.o)
 .debug_line    0x00000c76      0x137 c:/winavr-20100110/bin/../lib/gcc/avr/4.3.3/avr5\libgcc.a(_fpcmp_parts_sf.o)

.debug_frame    0x00000000      0x160
 *(.debug_frame)
 .debug_frame   0x00000000       0x20 c:/winavr-20100110/bin/../lib/gcc/avr/4.3.3/avr5\libgcc.a(_fixunssfsi.o)
 .debug_frame   0x00000020       0x40 c:/winavr-20100110/bin/../lib/gcc/avr/4.3.3/avr5\libgcc.a(_addsub_sf.o)
 .debug_frame   0x00000060       0x20 c:/winavr-20100110/bin/../lib/gcc/avr/4.3.3/avr5\libgcc.a(_mul_sf.o)
 .debug_frame   0x00000080       0x20 c:/winavr-20100110/bin/../lib/gcc/avr/4.3.3/avr5\libgcc.a(_gt_sf.o)
 .debug_frame   0x000000a0       0x20 c:/winavr-20100110/bin/../lib/gcc/avr/4.3.3/avr5\libgcc.a(_ge_sf.o)
 .debug_frame   0x000000c0       0x20 c:/winavr-20100110/bin/../lib/gcc/avr/4.3.3/avr5\libgcc.a(_lt_sf.o)
 .debug_frame   0x000000e0       0x20 c:/winavr-20100110/bin/../lib/gcc/avr/4.3.3/avr5\libgcc.a(_sf_to_si.o)
 .debug_frame   0x00000100       0x20 c:/winavr-20100110/bin/../lib/gcc/avr/4.3.3/avr5\libgcc.a(_pack_sf.o)
 .debug_frame   0x00000120       0x20 c:/winavr-20100110/bin/../lib/gcc/avr/4.3.3/avr5\libgcc.a(_unpack_sf.o)
 .debug_frame   0x00000140       0x20 c:/winavr-20100110/bin/../lib/gcc/avr/4.3.3/avr5\libgcc.a(_fpcmp_parts_sf.o)

.debug_str      0x00000000      0x28d
 *(.debug_str)
 .debug_str     0x00000000       0xbf c:/winavr-20100110/bin/../lib/gcc/avr/4.3.3/avr5\libgcc.a(_fixunssfsi.o)
                                 0xfe (size before relaxing)
 .debug_str     0x000000bf      0x14d c:/winavr-20100110/bin/../lib/gcc/avr/4.3.3/avr5\libgcc.a(_addsub_sf.o)
                                0x206 (size before relaxing)
 .debug_str     0x0000020c       0x27 c:/winavr-20100110/bin/../lib/gcc/avr/4.3.3/avr5\libgcc.a(_mul_sf.o)
                                0x1bf (size before relaxing)
 .debug_str     0x00000233        0xf c:/winavr-20100110/bin/../lib/gcc/avr/4.3.3/avr5\libgcc.a(_gt_sf.o)
                                0x195 (size before relaxing)
 .debug_str     0x00000242        0x8 c:/winavr-20100110/bin/../lib/gcc/avr/4.3.3/avr5\libgcc.a(_ge_sf.o)
                                0x195 (size before relaxing)
 .debug_str     0x0000024a        0x8 c:/winavr-20100110/bin/../lib/gcc/avr/4.3.3/avr5\libgcc.a(_lt_sf.o)
                                0x195 (size before relaxing)
 .debug_str     0x00000252        0xa c:/winavr-20100110/bin/../lib/gcc/avr/4.3.3/avr5\libgcc.a(_sf_to_si.o)
                                0x19e (size before relaxing)
 .debug_str     0x00000000      0x103 c:/winavr-20100110/bin/../lib/gcc/avr/4.3.3/avr5\libgcc.a(_thenan_sf.o)
 .debug_str     0x0000025c       0x16 c:/winavr-20100110/bin/../lib/gcc/avr/4.3.3/avr5\libgcc.a(_pack_sf.o)
                                0x19d (size before relaxing)
 .debug_str     0x00000272        0xb c:/winavr-20100110/bin/../lib/gcc/avr/4.3.3/avr5\libgcc.a(_unpack_sf.o)
                                0x17f (size before relaxing)
 .debug_str     0x0000027d       0x10 c:/winavr-20100110/bin/../lib/gcc/avr/4.3.3/avr5\libgcc.a(_fpcmp_parts_sf.o)
                                0x163 (size before relaxing)

.debug_loc      0x00000000      0x7ce
 *(.debug_loc)
 .debug_loc     0x00000000       0x34 c:/winavr-20100110/bin/../lib/gcc/avr/4.3.3/avr5\libgcc.a(_fixunssfsi.o)
 .debug_loc     0x00000034      0x32a c:/winavr-20100110/bin/../lib/gcc/avr/4.3.3/avr5\libgcc.a(_addsub_sf.o)
 .debug_loc     0x0000035e      0x104 c:/winavr-20100110/bin/../lib/gcc/avr/4.3.3/avr5\libgcc.a(_mul_sf.o)
 .debug_loc     0x00000462       0x3c c:/winavr-20100110/bin/../lib/gcc/avr/4.3.3/avr5\libgcc.a(_gt_sf.o)
 .debug_loc     0x0000049e       0x3c c:/winavr-20100110/bin/../lib/gcc/avr/4.3.3/avr5\libgcc.a(_ge_sf.o)
 .debug_loc     0x000004da       0x3c c:/winavr-20100110/bin/../lib/gcc/avr/4.3.3/avr5\libgcc.a(_lt_sf.o)
 .debug_loc     0x00000516       0x7e c:/winavr-20100110/bin/../lib/gcc/avr/4.3.3/avr5\libgcc.a(_sf_to_si.o)
 .debug_loc     0x00000594      0x13e c:/winavr-20100110/bin/../lib/gcc/avr/4.3.3/avr5\libgcc.a(_pack_sf.o)
 .debug_loc     0x000006d2       0xac c:/winavr-20100110/bin/../lib/gcc/avr/4.3.3/avr5\libgcc.a(_unpack_sf.o)
 .debug_loc     0x0000077e       0x50 c:/winavr-20100110/bin/../lib/gcc/avr/4.3.3/avr5\libgcc.a(_fpcmp_parts_sf.o)

.debug_macinfo
 *(.debug_macinfo)
OUTPUT(NTI_4MONTHS.elf elf32-avr)
LOAD linker stubs

.debug_ranges   0x00000000       0x50
 .debug_ranges  0x00000000       0x50 c:/winavr-20100110/bin/../lib/gcc/avr/4.3.3/avr5\libgcc.a(_mul_sf.o)
